// Jest Snapshot v1, https://goo.gl/fbAQLP

exports[`matches the snapshot 1`] = `
<div
  className="add-task"
>
  <input
    autoFocus={true}
    onChange={[Function]}
    onKeyPress={[Function]}
    placeholder="Введите дело"
    value=""
  />
  <button
    id="add"
    onClick={[Function]}
  >
    Добавить
  </button>
</div>
`;
