// Jest Snapshot v1, https://goo.gl/fbAQLP

exports[`matches the snapshot 1`] = `
<div
  className="tasks"
>
  <Task
    key="1"
    onCheck={[MockFunction]}
    onDelete={[MockFunction]}
    task={
      Object {
        "checked": false,
        "id": 1,
        "title": "",
      }
    }
  />
</div>
`;
